Flutter crash report.
Please report a bug at https://github.com/flutter/flutter/issues.

## command

flutter --no-color run --machine --track-widget-creation --device-id=chrome --start-paused --dart-define=flutter.inspector.structuredErrors=true lib\main.dart

## exception

OutOfMemoryError: Out of Memory

```
#0      new Uint8List (dart:typed_data-patch/typed_data_patch.dart:2393:3)
#1      _File.readAsBytesSync (dart:io/file_impl.dart:678:16)
#2      ForwardingFile.readAsBytesSync (package:file/src/forwarding/forwarding_file.dart:91:43)
#3      ForwardingFile.readAsBytesSync (package:file/src/forwarding/forwarding_file.dart:91:43)
#4      WebMemoryFS.write (package:flutter_tools/src/web/memory_fs.dart:29:42)
#5      WebDevFS.update (package:flutter_tools/src/isolated/devfs_web.dart:1167:45)
#6      _rootRunUnary (dart:async/zone.dart:1538:47)
#7      _CustomZone.runUnary (dart:async/zone.dart:1429:19)
#8      _FutureListener.handleValue (dart:async/future_impl.dart:224:18)
#9      Future._propagateToListeners.handleValueCallback (dart:async/future_impl.dart:951:45)
#10     Future._propagateToListeners (dart:async/future_impl.dart:980:13)
#11     Future._completeWithValue (dart:async/future_impl.dart:723:5)
#12     Future._asyncCompleteWithValue.<anonymous closure> (dart:async/future_impl.dart:807:7)
#13     _rootRun (dart:async/zone.dart:1525:13)
#14     _CustomZone.run (dart:async/zone.dart:1422:19)
#15     _CustomZone.runGuarded (dart:async/zone.dart:1321:7)
#16     _CustomZone.bindCallbackGuarded.<anonymous closure> (dart:async/zone.dart:1362:23)
#17     _microtaskLoop (dart:async/schedule_microtask.dart:40:21)
#18     _startMicrotaskLoop (dart:async/schedule_microtask.dart:49:5)
#19     _runPendingImmediateCallback (dart:isolate-patch/isolate_patch.dart:127:13)
#20     _RawReceivePort._handleMessage (dart:isolate-patch/isolate_patch.dart:194:5)
```

## flutter doctor

```
[✓] Flutter (Channel stable, 3.32.7, on Microsoft Windows [Version 10.0.22631.5624], locale en-ID) [519ms]
    • Flutter version 3.32.7 on channel stable at D:\flutter
    • Upstream repository https://github.com/flutter/flutter.git
    • Framework revision d7b523b356 (9 days ago), 2025-07-15 17:03:46 -0700
    • Engine revision 39d6d6e699
    • Dart version 3.8.1
    • DevTools version 2.45.1

[✓] Windows Version (11 Home Single Language 64-bit, 23H2, 2009) [5.8s]

[!] Android toolchain - develop for Android devices (Android SDK version 35.0.1) [518ms]
    • Android SDK at C:\Users\rutha\AppData\Local\Android\sdk
    • Platform android-35, build-tools 35.0.1
    • Java binary at: C:\Program Files\Android\Android Studio\jbr\bin\java
      This is the JDK bundled with the latest Android Studio installation on this machine.
      To manually set the JDK path, use: `flutter config --jdk-dir="path/to/jdk"`.
    ✗ Could not determine java version

[✓] Chrome - develop for the web [22ms]
    • Chrome at C:\Program Files\Google\Chrome\Application\chrome.exe

[✗] Visual Studio - develop Windows apps [20ms]
    ✗ Visual Studio not installed; this is necessary to develop Windows apps.
      Download at https://visualstudio.microsoft.com/downloads/.
      Please install the "Desktop development with C++" workload, including all of its default components

[!] Android Studio (version 2024.2) [13ms]
    • Android Studio at C:\Program Files\Android\Android Studio
    • Flutter plugin can be installed from:
      🔨 https://plugins.jetbrains.com/plugin/9212-flutter
    • Dart plugin can be installed from:
      🔨 https://plugins.jetbrains.com/plugin/6351-dart
    ✗ Unable to determine bundled Java version.
    • Try updating or re-installing Android Studio.

[✓] VS Code (version 1.102.0) [9ms]
    • VS Code at C:\Users\rutha\AppData\Local\Programs\Microsoft VS Code
    • Flutter extension version 3.114.0

[✓] Connected device (3 available) [436ms]
    • Windows (desktop) • windows • windows-x64    • Microsoft Windows [Version 10.0.22631.5624]
    • Chrome (web)      • chrome  • web-javascript • Google Chrome 138.0.7204.158
    • Edge (web)        • edge    • web-javascript • Microsoft Edge 138.0.3351.95

[✓] Network resources [499ms]
    • All expected network resources are available.

! Doctor found issues in 3 categories.
```
