#
# There is insufficient memory for the Java Runtime Environment to continue.
# Native memory allocation (mmap) failed to map 100663296 bytes. Error detail: G1 virtual space
# Possible reasons:
#   The system is out of physical RAM or swap space
#   This process is running with CompressedOops enabled, and the Java Heap may be blocking the growth of the native heap
# Possible solutions:
#   Reduce memory load on the system
#   Increase physical memory or swap space
#   Check if swap backing store is full
#   Decrease Java heap size (-Xmx/-Xms)
#   Decrease number of Java threads
#   Decrease Java thread stack sizes (-Xss)
#   Set larger code cache with -XX:ReservedCodeCacheSize=
#   JVM is running with Unscaled Compressed Oops mode in which the Java heap is
#     placed in the first 4GB address space. The Java Heap base address is the
#     maximum limit for the native heap growth. Please use -XX:HeapBaseMinAddress
#     to set the Java Heap base and to place the Java Heap above 4GB virtual address.
# This output file may be truncated or incomplete.
#
#  Out of Memory Error (os_windows.cpp:3828), pid=7784, tid=18208
#
# JRE version:  (21.0.4) (build )
# Java VM: OpenJDK 64-Bit Server VM (21.0.4+-12508038-b607.1, mixed mode, sharing, tiered, compressed oops, compressed class ptrs, g1 gc, windows-amd64)
# No core dump will be written. Minidumps are not enabled by default on client versions of Windows
#

---------------  S U M M A R Y ------------

Command Line: 

Host: AMD Ryzen 3 3250U with Radeon Graphics         , 4 cores, 5G,  Windows 11 , 64 bit Build 22621 (10.0.22621.5415)
Time: Thu Jul 24 20:26:06 2025 SE Asia Standard Time elapsed time: 0.016832 seconds (0d 0h 0m 0s)

---------------  T H R E A D  ---------------

Current thread (0x00000185091698f0):  JavaThread "Unknown thread" [_thread_in_vm, id=18208, stack(0x00000079de600000,0x00000079de700000) (1024K)]

Stack: [0x00000079de600000,0x00000079de700000]
Native frames: (J=compiled Java code, j=interpreted, Vv=VM code, C=native code)
V  [jvm.dll+0x6ce539]
V  [jvm.dll+0x85bf03]
V  [jvm.dll+0x85e45e]
V  [jvm.dll+0x85eb43]
V  [jvm.dll+0x27dd06]
V  [jvm.dll+0x6cada5]
V  [jvm.dll+0x6bf27a]
V  [jvm.dll+0x3541fb]
V  [jvm.dll+0x35be36]
V  [jvm.dll+0x3adbc6]
V  [jvm.dll+0x3ade98]
V  [jvm.dll+0x32691c]
V  [jvm.dll+0x32760b]
V  [jvm.dll+0x823959]
V  [jvm.dll+0x3bacf8]
V  [jvm.dll+0x80cd58]
V  [jvm.dll+0x44ef2e]
V  [jvm.dll+0x450691]
C  [jli.dll+0x52ab]
C  [ucrtbase.dll+0x29333]
C  [KERNEL32.DLL+0x1259d]
C  [ntdll.dll+0x5af78]


---------------  P R O C E S S  ---------------

Threads class SMR info:
_java_thread_list=0x00007ffb45b5a808, length=0, elements={
}

Java Threads: ( => current thread )
Total: 0

Other Threads:
  0x00000185091b15c0 WorkerThread "GC Thread#0"                     [id=14648, stack(0x00000079de700000,0x00000079de800000) (1024K)]
  0x00000185091be1e0 ConcurrentGCThread "G1 Main Marker"            [id=17980, stack(0x00000079de800000,0x00000079de900000) (1024K)]
  0x00000185091bee50 WorkerThread "G1 Conc#0"                       [id=18648, stack(0x00000079de900000,0x00000079dea00000) (1024K)]

[error occurred during error reporting (printing all threads), id 0xc0000005, EXCEPTION_ACCESS_VIOLATION (0xc0000005) at pc=0x00007ffb45359957]
VM state: not at safepoint (not fully initialized)

VM Mutex/Monitor currently owned by a thread:  ([mutex/lock_event])
[0x00007ffb45bc73f8] Heap_lock - owner thread: 0x00000185091698f0

Heap address: 0x00000000a1e00000, size: 1506 MB, Compressed Oops mode: 32-bit

CDS archive(s) mapped at: [0x0000000000000000-0x0000000000000000-0x0000000000000000), size 0, SharedBaseAddress: 0x0000000800000000, ArchiveRelocationMode: 1.
Narrow klass base: 0x0000000000000000, Narrow klass shift: 0, Narrow klass range: 0x0

GC Precious Log:
 CardTable entry size: 512
 Card Set container configuration: InlinePtr #cards 5 size 8 Array Of Cards #cards 12 size 40 Howl #buckets 4 coarsen threshold 1843 Howl Bitmap #cards 512 size 80 coarsen threshold 460 Card regions per heap region 1 cards per card region 2048

Heap:
 garbage-first heap   total 0K, used 0K [0x00000000a1e00000, 0x0000000100000000)
  region size 1024K, 0 young (0K), 0 survivors (0K)
 Metaspace       used 0K, committed 0K, reserved 0K
  class space    used 0K, committed 0K, reserved 0K

Heap Regions: E=young(eden), S=young(survivor), O=old, HS=humongous(starts), HC=humongous(continues), CS=collection set, F=free, TAMS=top-at-mark-start, PB=parsable bottom

Card table byte_map: [0x000001851b5b0000,0x000001851b8b0000] _byte_map_base: 0x000001851b0a1000

Marking Bits: (CMBitMap*) 0x00000185091b1cc0
 Bits: [0x000001851b8b0000, 0x000001851d038000)

GC Heap History (0 events):
No events

Dll operation events (1 events):
Event: 0.011 Loaded shared library C:\Program Files\Android\Android Studio\jbr\bin\java.dll

Deoptimization events (0 events):
No events

Classes loaded (0 events):
No events

Classes unloaded (0 events):
No events

Classes redefined (0 events):
No events

Internal exceptions (0 events):
No events

ZGC Phase Switch (0 events):
No events

VM Operations (0 events):
No events

Memory protections (0 events):
No events

Nmethod flushes (0 events):
No events

Events (0 events):
No events


Dynamic libraries:
0x00007ff7224b0000 - 0x00007ff7224ba000 	C:\Program Files\Android\Android Studio\jbr\bin\java.EXE
0x00007ffbc5c90000 - 0x00007ffbc5ea7000 	C:\WINDOWS\SYSTEM32\ntdll.dll
0x00007ffbc5940000 - 0x00007ffbc5a04000 	C:\WINDOWS\System32\KERNEL32.DLL
0x00007ffbc3360000 - 0x00007ffbc3732000 	C:\WINDOWS\System32\KERNELBASE.dll
0x00007ffbc3740000 - 0x00007ffbc3851000 	C:\WINDOWS\System32\ucrtbase.dll
0x00007ffb8b830000 - 0x00007ffb8b84b000 	C:\Program Files\Android\Android Studio\jbr\bin\VCRUNTIME140.dll
0x00007ffbb9150000 - 0x00007ffbb9168000 	C:\Program Files\Android\Android Studio\jbr\bin\jli.dll
0x00007ffbc5a90000 - 0x00007ffbc5c41000 	C:\WINDOWS\System32\USER32.dll
0x00007ffbc3070000 - 0x00007ffbc3096000 	C:\WINDOWS\System32\win32u.dll
0x00007ffbb2f60000 - 0x00007ffbb31fb000 	C:\WINDOWS\WinSxS\amd64_microsoft.windows.common-controls_6595b64144ccf1df_6.0.22621.5547_none_27104afb73855772\COMCTL32.dll
0x00007ffbc48d0000 - 0x00007ffbc48f9000 	C:\WINDOWS\System32\GDI32.dll
0x00007ffbc42e0000 - 0x00007ffbc4387000 	C:\WINDOWS\System32\msvcrt.dll
0x00007ffbc2f40000 - 0x00007ffbc3063000 	C:\WINDOWS\System32\gdi32full.dll
0x00007ffbc30a0000 - 0x00007ffbc313a000 	C:\WINDOWS\System32\msvcp_win.dll
0x00007ffbc4af0000 - 0x00007ffbc4b21000 	C:\WINDOWS\System32\IMM32.DLL
0x00007ffbaa380000 - 0x00007ffbaa38c000 	C:\Program Files\Android\Android Studio\jbr\bin\vcruntime140_1.dll
0x00007ffb41fb0000 - 0x00007ffb4203d000 	C:\Program Files\Android\Android Studio\jbr\bin\msvcp140.dll
0x00007ffb45020000 - 0x00007ffb45ca3000 	C:\Program Files\Android\Android Studio\jbr\bin\server\jvm.dll
0x00007ffbc4220000 - 0x00007ffbc42d1000 	C:\WINDOWS\System32\ADVAPI32.dll
0x00007ffbc4920000 - 0x00007ffbc49c8000 	C:\WINDOWS\System32\sechost.dll
0x00007ffbc31c0000 - 0x00007ffbc31e8000 	C:\WINDOWS\System32\bcrypt.dll
0x00007ffbc4100000 - 0x00007ffbc4214000 	C:\WINDOWS\System32\RPCRT4.dll
0x00007ffbc4ba0000 - 0x00007ffbc4c11000 	C:\WINDOWS\System32\WS2_32.dll
0x00007ffbbec80000 - 0x00007ffbbecb4000 	C:\WINDOWS\SYSTEM32\WINMM.dll
0x00007ffbc2c50000 - 0x00007ffbc2c9d000 	C:\WINDOWS\SYSTEM32\POWRPROF.dll
0x00007ffbbad40000 - 0x00007ffbbad4a000 	C:\WINDOWS\SYSTEM32\VERSION.dll
0x00007ffbc2c30000 - 0x00007ffbc2c43000 	C:\WINDOWS\SYSTEM32\UMPDC.dll
0x00007ffbc1d80000 - 0x00007ffbc1d98000 	C:\WINDOWS\SYSTEM32\kernel.appcore.dll
0x00007ffbaa210000 - 0x00007ffbaa21a000 	C:\Program Files\Android\Android Studio\jbr\bin\jimage.dll
0x00007ffbc0890000 - 0x00007ffbc0ac3000 	C:\WINDOWS\SYSTEM32\DBGHELP.DLL
0x00007ffbc4500000 - 0x00007ffbc4893000 	C:\WINDOWS\System32\combase.dll
0x00007ffbc4d30000 - 0x00007ffbc4e07000 	C:\WINDOWS\System32\OLEAUT32.dll
0x00007ffba66b0000 - 0x00007ffba66e2000 	C:\WINDOWS\SYSTEM32\dbgcore.DLL
0x00007ffbc2ec0000 - 0x00007ffbc2f3b000 	C:\WINDOWS\System32\bcryptPrimitives.dll
0x00007ffb87ca0000 - 0x00007ffb87cc0000 	C:\Program Files\Android\Android Studio\jbr\bin\java.dll

dbghelp: loaded successfully - version: 4.0.5 - missing functions: none
symbol engine: initialized successfully - sym options: 0x614 - pdb path: .;C:\Program Files\Android\Android Studio\jbr\bin;C:\WINDOWS\SYSTEM32;C:\WINDOWS\WinSxS\amd64_microsoft.windows.common-controls_6595b64144ccf1df_6.0.22621.5547_none_27104afb73855772;C:\Program Files\Android\Android Studio\jbr\bin\server

VM Arguments:
java_command: <unknown>
java_class_path (initial): <not set>
Launcher Type: SUN_STANDARD

[Global flags]
     intx CICompilerCount                          = 3                                         {product} {ergonomic}
     uint ConcGCThreads                            = 1                                         {product} {ergonomic}
     uint G1ConcRefinementThreads                  = 4                                         {product} {ergonomic}
   size_t G1HeapRegionSize                         = 1048576                                   {product} {ergonomic}
    uintx GCDrainStackTargetSize                   = 64                                        {product} {ergonomic}
   size_t InitialHeapSize                          = 100663296                                 {product} {ergonomic}
   size_t MarkStackSize                            = 4194304                                   {product} {ergonomic}
   size_t MaxHeapSize                              = 1579155456                                {product} {ergonomic}
   size_t MinHeapDeltaBytes                        = 1048576                                   {product} {ergonomic}
   size_t MinHeapSize                              = 8388608                                   {product} {ergonomic}
    uintx NonNMethodCodeHeapSize                   = 5832780                                {pd product} {ergonomic}
    uintx NonProfiledCodeHeapSize                  = 122912730                              {pd product} {ergonomic}
    uintx ProfiledCodeHeapSize                     = 122912730                              {pd product} {ergonomic}
    uintx ReservedCodeCacheSize                    = 251658240                              {pd product} {ergonomic}
     bool SegmentedCodeCache                       = true                                      {product} {ergonomic}
   size_t SoftMaxHeapSize                          = 1579155456                             {manageable} {ergonomic}
     bool UseCompressedOops                        = true                           {product lp64_product} {ergonomic}
     bool UseG1GC                                  = true                                      {product} {ergonomic}
     bool UseLargePagesIndividualAllocation        = false                                  {pd product} {ergonomic}

Logging:
Log output configuration:
 #0: stdout all=warning uptime,level,tags foldmultilines=false
 #1: stderr all=off uptime,level,tags foldmultilines=false

Environment Variables:
PATH=C:\Program Files\Common Files\Oracle\Java\javapath;C:\WINDOWS\system32;C:\WINDOWS;C:\WINDOWS\System32\Wbem;C:\WINDOWS\System32\WindowsPowerShell\v1.0\;C:\WINDOWS\System32\OpenSSH\;C:\Program Files\Microsoft SQL Server\150\Tools\Binn\;C:\Program Files\Cloudflare\Cloudflare WARP\;C:\flutter_windows_3.29.0-stable (1)\flutter;C:\Program Files\nodejs\;D:\flutter\bin;C:\Program Files\Git\cmd;C:\Users\rutha\AppData\Local\Microsoft\WindowsApps;C:\Users\rutha\AppData\Local\Programs\Microsoft VS Code\bin;C:\xampp\php;C:\Users\rutha\composer;C:\Users\rutha\AppData\Roaming\Composer\vendor\bin;C:\flutter_windows_3.29.0-stable (1)\flutter;C:\Users\rutha\AppData\Roaming\npm;C:\flutter_windows_3.29.0-stable (1)\flutter;D:\flutter\bin;;D:\flutter\bin\mingit\cmd
USERNAME=rutha
OS=Windows_NT
PROCESSOR_IDENTIFIER=AMD64 Family 23 Model 24 Stepping 1, AuthenticAMD
TMP=C:\Users\rutha\AppData\Local\Temp
TEMP=C:\Users\rutha\AppData\Local\Temp




Periodic native trim disabled

JNI global refs:
JNI global refs: 0, weak refs: 0

JNI global refs memory usage: 0, weak refs: 0

Process memory usage:
Resident Set Size: 11508K (0% of 6164744K total physical memory with 433556K free physical memory)

OOME stack traces (most recent first):
Classloader memory used:

---------------  S Y S T E M  ---------------

OS:
 Windows 11 , 64 bit Build 22621 (10.0.22621.5415)
OS uptime: 0 days 10:55 hours
Hyper-V role detected

CPU: total 4 (initial active 4) (4 cores per cpu, 2 threads per core) family 23 model 24 stepping 1 microcode 0x0, cx8, cmov, fxsr, ht, mmx, 3dnowpref, sse, sse2, sse3, ssse3, sse4a, sse4.1, sse4.2, popcnt, lzcnt, tsc, tscinvbit, avx, avx2, aes, clmul, bmi1, bmi2, adx, sha, fma, vzeroupper, clflush, clflushopt, hv, rdtscp, f16c
Processor Information for all 4 processors :
  Max Mhz: 2600, Current Mhz: 2600, Mhz Limit: 2600

Memory: 4k page, system-wide physical 6020M (423M free)
TotalPageFile size 12853M (AvailPageFile size 65M)
current process WorkingSet (physical memory assigned to process): 11M, peak: 11M
current process commit charge ("private bytes"): 51M, peak: 147M

vm_info: OpenJDK 64-Bit Server VM (21.0.4+-12508038-b607.1) for windows-amd64 JRE (21.0.4+-12508038-b607.1), built on 2024-10-16T17:23:34Z by "builder" with MS VC++ 16.10 / 16.11 (VS2019)

END.
