#
# There is insufficient memory for the Java Runtime Environment to continue.
# Native memory allocation (malloc) failed to allocate 32744 bytes. Error detail: Chunk::new
# Possible reasons:
#   The system is out of physical RAM or swap space
#   This process is running with CompressedOops enabled, and the Java Heap may be blocking the growth of the native heap
# Possible solutions:
#   Reduce memory load on the system
#   Increase physical memory or swap space
#   Check if swap backing store is full
#   Decrease Java heap size (-Xmx/-Xms)
#   Decrease number of Java threads
#   Decrease Java thread stack sizes (-Xss)
#   Set larger code cache with -XX:ReservedCodeCacheSize=
#   JVM is running with Unscaled Compressed Oops mode in which the Java heap is
#     placed in the first 4GB address space. The Java Heap base address is the
#     maximum limit for the native heap growth. Please use -XX:HeapBaseMinAddress
#     to set the Java Heap base and to place the Java Heap above 4GB virtual address.
# This output file may be truncated or incomplete.
#
#  Out of Memory Error (arena.cpp:168), pid=11944, tid=8740
#
# JRE version: OpenJDK Runtime Environment (21.0.4) (build 21.0.4+-12508038-b607.1)
# Java VM: OpenJDK 64-Bit Server VM (21.0.4+-12508038-b607.1, mixed mode, tiered, compressed oops, compressed class ptrs, g1 gc, windows-amd64)
# No core dump will be written. Minidumps are not enabled by default on client versions of Windows
#

---------------  S U M M A R Y ------------

Command Line: -Dorg.gradle.appname=gradlew org.gradle.wrapper.GradleWrapperMain -q -Ptarget-platform=android-arm64 -Ptarget=D:\android.studio.gaby\appkeuangan\lib\main.dart -Pbase-application-name=android.app.Application -Pdart-defines=Zmx1dHRlci5pbnNwZWN0b3Iuc3RydWN0dXJlZEVycm9ycz10cnVl,RkxVVFRFUl9WRVJTSU9OPTMuMzIuNw==,RkxVVFRFUl9DSEFOTkVMPXN0YWJsZQ==,RkxVVFRFUl9HSVRfVVJMPWh0dHBzOi8vZ2l0aHViLmNvbS9mbHV0dGVyL2ZsdXR0ZXIuZ2l0,RkxVVFRFUl9GUkFNRVdPUktfUkVWSVNJT049ZDdiNTIzYjM1Ng==,RkxVVFRFUl9FTkdJTkVfUkVWSVNJT049MzlkNmQ2ZTY5OQ==,RkxVVFRFUl9EQVJUX1ZFUlNJT049My44LjE= -Pdart-obfuscation=false -Ptrack-widget-creation=true -Ptree-shake-icons=false -Pfilesystem-scheme=org-dartlang-root assembleDebug

Host: AMD Ryzen 3 3250U with Radeon Graphics         , 4 cores, 5G,  Windows 11 , 64 bit Build 22621 (10.0.22621.5415)
Time: Thu Jul 24 20:27:51 2025 SE Asia Standard Time elapsed time: 10.646895 seconds (0d 0h 0m 10s)

---------------  T H R E A D  ---------------

Current thread (0x0000028a7d01f070):  JavaThread "C1 CompilerThread0" daemon [_thread_in_native, id=8740, stack(0x0000009600000000,0x0000009600100000) (1024K)]


Current CompileTask:
C1:  10646 1468   !   3       sun.security.ssl.SSLSocketInputRecord::decodeInputRecord (949 bytes)

Stack: [0x0000009600000000,0x0000009600100000]
Native frames: (J=compiled Java code, j=interpreted, Vv=VM code, C=native code)
V  [jvm.dll+0x6ce539]
V  [jvm.dll+0x85bf03]
V  [jvm.dll+0x85e45e]
V  [jvm.dll+0x85eb43]
V  [jvm.dll+0x27dd06]
V  [jvm.dll+0xbf9cd]
V  [jvm.dll+0xbff03]
V  [jvm.dll+0x17fb95]
V  [jvm.dll+0x179dae]
V  [jvm.dll+0x167c80]
V  [jvm.dll+0x14fcc7]
V  [jvm.dll+0x14f5f8]
V  [jvm.dll+0x14f836]
V  [jvm.dll+0x14ebaf]
V  [jvm.dll+0x1509d1]
V  [jvm.dll+0x255fec]
V  [jvm.dll+0x254536]
V  [jvm.dll+0x3efab6]
V  [jvm.dll+0x804418]
V  [jvm.dll+0x6cce0d]
C  [ucrtbase.dll+0x29333]
C  [KERNEL32.DLL+0x1259d]
C  [ntdll.dll+0x5af78]


---------------  P R O C E S S  ---------------

Threads class SMR info:
_java_thread_list=0x0000028a7d7323d0, length=11, elements={
0x0000028a606c16a0, 0x0000028a7d031e20, 0x0000028a78bacec0, 0x0000028a78bad920,
0x0000028a78bae380, 0x0000028a7d011410, 0x0000028a7d011e70, 0x0000028a7d012c00,
0x0000028a7d01f070, 0x0000028a7d1dd6f0, 0x0000028a7d1df180
}

Java Threads: ( => current thread )
  0x0000028a606c16a0 JavaThread "main"                              [_thread_in_Java, id=8080, stack(0x000000967f100000,0x000000967f200000) (1024K)]
  0x0000028a7d031e20 JavaThread "Reference Handler"          daemon [_thread_blocked, id=18252, stack(0x000000967f900000,0x000000967fa00000) (1024K)]
  0x0000028a78bacec0 JavaThread "Finalizer"                  daemon [_thread_blocked, id=7488, stack(0x000000967fa00000,0x000000967fb00000) (1024K)]
  0x0000028a78bad920 JavaThread "Signal Dispatcher"          daemon [_thread_blocked, id=20436, stack(0x000000967fb00000,0x000000967fc00000) (1024K)]
  0x0000028a78bae380 JavaThread "Attach Listener"            daemon [_thread_blocked, id=21632, stack(0x000000967fc00000,0x000000967fd00000) (1024K)]
  0x0000028a7d011410 JavaThread "Service Thread"             daemon [_thread_blocked, id=21760, stack(0x000000967fd00000,0x000000967fe00000) (1024K)]
  0x0000028a7d011e70 JavaThread "Monitor Deflation Thread"   daemon [_thread_blocked, id=5600, stack(0x000000967fe00000,0x000000967ff00000) (1024K)]
  0x0000028a7d012c00 JavaThread "C2 CompilerThread0"         daemon [_thread_blocked, id=15952, stack(0x000000967ff00000,0x0000009680000000) (1024K)]
=>0x0000028a7d01f070 JavaThread "C1 CompilerThread0"         daemon [_thread_in_native, id=8740, stack(0x0000009600000000,0x0000009600100000) (1024K)]
  0x0000028a7d1dd6f0 JavaThread "Notification Thread"        daemon [_thread_blocked, id=15560, stack(0x0000009600100000,0x0000009600200000) (1024K)]
  0x0000028a7d1df180 JavaThread "Common-Cleaner"             daemon [_thread_blocked, id=10576, stack(0x0000009600200000,0x0000009600300000) (1024K)]
Total: 11

Other Threads:
  0x0000028a78b73c90 VMThread "VM Thread"                           [id=7700, stack(0x000000967f800000,0x000000967f900000) (1024K)]
  0x0000028a78adc840 WatcherThread "VM Periodic Task Thread"        [id=5108, stack(0x000000967f700000,0x000000967f800000) (1024K)]
  0x0000028a627f00b0 WorkerThread "GC Thread#0"                     [id=17516, stack(0x000000967f200000,0x000000967f300000) (1024K)]
  0x0000028a7d6f13d0 WorkerThread "GC Thread#1"                     [id=10180, stack(0x0000009600400000,0x0000009600500000) (1024K)]
  0x0000028a7d7557d0 WorkerThread "GC Thread#2"                     [id=12840, stack(0x0000009600500000,0x0000009600600000) (1024K)]
  0x0000028a7d755b70 WorkerThread "GC Thread#3"                     [id=21436, stack(0x0000009600600000,0x0000009600700000) (1024K)]
  0x0000028a627fccd0 ConcurrentGCThread "G1 Main Marker"            [id=10384, stack(0x000000967f300000,0x000000967f400000) (1024K)]
  0x0000028a627fd7d0 WorkerThread "G1 Conc#0"                       [id=17884, stack(0x000000967f400000,0x000000967f500000) (1024K)]
  0x0000028a6286d0a0 ConcurrentGCThread "G1 Refine#0"               [id=9204, stack(0x000000967f500000,0x000000967f600000) (1024K)]
  0x0000028a6286dc10 ConcurrentGCThread "G1 Service"                [id=13444, stack(0x000000967f600000,0x000000967f700000) (1024K)]
Total: 10

Threads with active compile tasks:
C1 CompilerThread0    10668 1468   !   3       sun.security.ssl.SSLSocketInputRecord::decodeInputRecord (949 bytes)
Total: 1

VM state: not at safepoint (normal execution)

VM Mutex/Monitor currently owned by a thread: None

Heap address: 0x00000000a1e00000, size: 1506 MB, Compressed Oops mode: 32-bit

CDS archive(s) not mapped
Compressed class space mapped at: 0x0000000100000000-0x0000000140000000, reserved size: 1073741824
Narrow klass base: 0x0000000000000000, Narrow klass shift: 3, Narrow klass range: 0x140000000

GC Precious Log:
 CardTable entry size: 512
 Card Set container configuration: InlinePtr #cards 5 size 8 Array Of Cards #cards 12 size 40 Howl #buckets 4 coarsen threshold 1843 Howl Bitmap #cards 512 size 80 coarsen threshold 460 Card regions per heap region 1 cards per card region 2048
 CPUs: 4 total, 4 available
 Memory: 6020M
 Large Page Support: Disabled
 NUMA Support: Disabled
 Compressed Oops: Enabled (32-bit)
 Heap Region Size: 1M
 Heap Min Capacity: 8M
 Heap Initial Capacity: 96M
 Heap Max Capacity: 1506M
 Pre-touch: Disabled
 Parallel Workers: 4
 Concurrent Workers: 1
 Concurrent Refinement Workers: 4
 Periodic GC: Disabled

Heap:
 garbage-first heap   total 98304K, used 9149K [0x00000000a1e00000, 0x0000000100000000)
  region size 1024K, 10 young (10240K), 2 survivors (2048K)
 Metaspace       used 16744K, committed 16960K, reserved 1114112K
  class space    used 1678K, committed 1792K, reserved 1048576K

Heap Regions: E=young(eden), S=young(survivor), O=old, HS=humongous(starts), HC=humongous(continues), CS=collection set, F=free, TAMS=top-at-mark-start, PB=parsable bottom
|   0|0x00000000a1e00000, 0x00000000a1eef550, 0x00000000a1f00000| 93%| O|  |TAMS 0x00000000a1e00000| PB 0x00000000a1e00000| Untracked 
|   1|0x00000000a1f00000, 0x00000000a1f00000, 0x00000000a2000000|  0%| F|  |TAMS 0x00000000a1f00000| PB 0x00000000a1f00000| Untracked 
|   2|0x00000000a2000000, 0x00000000a2000000, 0x00000000a2100000|  0%| F|  |TAMS 0x00000000a2000000| PB 0x00000000a2000000| Untracked 
|   3|0x00000000a2100000, 0x00000000a2100000, 0x00000000a2200000|  0%| F|  |TAMS 0x00000000a2100000| PB 0x00000000a2100000| Untracked 
|   4|0x00000000a2200000, 0x00000000a2200000, 0x00000000a2300000|  0%| F|  |TAMS 0x00000000a2200000| PB 0x00000000a2200000| Untracked 
|   5|0x00000000a2300000, 0x00000000a2300000, 0x00000000a2400000|  0%| F|  |TAMS 0x00000000a2300000| PB 0x00000000a2300000| Untracked 
|   6|0x00000000a2400000, 0x00000000a2400000, 0x00000000a2500000|  0%| F|  |TAMS 0x00000000a2400000| PB 0x00000000a2400000| Untracked 
|   7|0x00000000a2500000, 0x00000000a2500000, 0x00000000a2600000|  0%| F|  |TAMS 0x00000000a2500000| PB 0x00000000a2500000| Untracked 
|   8|0x00000000a2600000, 0x00000000a2600000, 0x00000000a2700000|  0%| F|  |TAMS 0x00000000a2600000| PB 0x00000000a2600000| Untracked 
|   9|0x00000000a2700000, 0x00000000a2700000, 0x00000000a2800000|  0%| F|  |TAMS 0x00000000a2700000| PB 0x00000000a2700000| Untracked 
|  10|0x00000000a2800000, 0x00000000a2800000, 0x00000000a2900000|  0%| F|  |TAMS 0x00000000a2800000| PB 0x00000000a2800000| Untracked 
|  11|0x00000000a2900000, 0x00000000a2900000, 0x00000000a2a00000|  0%| F|  |TAMS 0x00000000a2900000| PB 0x00000000a2900000| Untracked 
|  12|0x00000000a2a00000, 0x00000000a2a00000, 0x00000000a2b00000|  0%| F|  |TAMS 0x00000000a2a00000| PB 0x00000000a2a00000| Untracked 
|  13|0x00000000a2b00000, 0x00000000a2b00000, 0x00000000a2c00000|  0%| F|  |TAMS 0x00000000a2b00000| PB 0x00000000a2b00000| Untracked 
|  14|0x00000000a2c00000, 0x00000000a2c00000, 0x00000000a2d00000|  0%| F|  |TAMS 0x00000000a2c00000| PB 0x00000000a2c00000| Untracked 
|  15|0x00000000a2d00000, 0x00000000a2d00000, 0x00000000a2e00000|  0%| F|  |TAMS 0x00000000a2d00000| PB 0x00000000a2d00000| Untracked 
|  16|0x00000000a2e00000, 0x00000000a2e00000, 0x00000000a2f00000|  0%| F|  |TAMS 0x00000000a2e00000| PB 0x00000000a2e00000| Untracked 
|  17|0x00000000a2f00000, 0x00000000a2f00000, 0x00000000a3000000|  0%| F|  |TAMS 0x00000000a2f00000| PB 0x00000000a2f00000| Untracked 
|  18|0x00000000a3000000, 0x00000000a3000000, 0x00000000a3100000|  0%| F|  |TAMS 0x00000000a3000000| PB 0x00000000a3000000| Untracked 
|  19|0x00000000a3100000, 0x00000000a3100000, 0x00000000a3200000|  0%| F|  |TAMS 0x00000000a3100000| PB 0x00000000a3100000| Untracked 
|  20|0x00000000a3200000, 0x00000000a3200000, 0x00000000a3300000|  0%| F|  |TAMS 0x00000000a3200000| PB 0x00000000a3200000| Untracked 
|  21|0x00000000a3300000, 0x00000000a3300000, 0x00000000a3400000|  0%| F|  |TAMS 0x00000000a3300000| PB 0x00000000a3300000| Untracked 
|  22|0x00000000a3400000, 0x00000000a3400000, 0x00000000a3500000|  0%| F|  |TAMS 0x00000000a3400000| PB 0x00000000a3400000| Untracked 
|  23|0x00000000a3500000, 0x00000000a3500000, 0x00000000a3600000|  0%| F|  |TAMS 0x00000000a3500000| PB 0x00000000a3500000| Untracked 
|  24|0x00000000a3600000, 0x00000000a3600000, 0x00000000a3700000|  0%| F|  |TAMS 0x00000000a3600000| PB 0x00000000a3600000| Untracked 
|  25|0x00000000a3700000, 0x00000000a3700000, 0x00000000a3800000|  0%| F|  |TAMS 0x00000000a3700000| PB 0x00000000a3700000| Untracked 
|  26|0x00000000a3800000, 0x00000000a3800000, 0x00000000a3900000|  0%| F|  |TAMS 0x00000000a3800000| PB 0x00000000a3800000| Untracked 
|  27|0x00000000a3900000, 0x00000000a3900000, 0x00000000a3a00000|  0%| F|  |TAMS 0x00000000a3900000| PB 0x00000000a3900000| Untracked 
|  28|0x00000000a3a00000, 0x00000000a3a00000, 0x00000000a3b00000|  0%| F|  |TAMS 0x00000000a3a00000| PB 0x00000000a3a00000| Untracked 
|  29|0x00000000a3b00000, 0x00000000a3b00000, 0x00000000a3c00000|  0%| F|  |TAMS 0x00000000a3b00000| PB 0x00000000a3b00000| Untracked 
|  30|0x00000000a3c00000, 0x00000000a3c00000, 0x00000000a3d00000|  0%| F|  |TAMS 0x00000000a3c00000| PB 0x00000000a3c00000| Untracked 
|  31|0x00000000a3d00000, 0x00000000a3d00000, 0x00000000a3e00000|  0%| F|  |TAMS 0x00000000a3d00000| PB 0x00000000a3d00000| Untracked 
|  32|0x00000000a3e00000, 0x00000000a3e00000, 0x00000000a3f00000|  0%| F|  |TAMS 0x00000000a3e00000| PB 0x00000000a3e00000| Untracked 
|  33|0x00000000a3f00000, 0x00000000a3f00000, 0x00000000a4000000|  0%| F|  |TAMS 0x00000000a3f00000| PB 0x00000000a3f00000| Untracked 
|  34|0x00000000a4000000, 0x00000000a4000000, 0x00000000a4100000|  0%| F|  |TAMS 0x00000000a4000000| PB 0x00000000a4000000| Untracked 
|  35|0x00000000a4100000, 0x00000000a4100000, 0x00000000a4200000|  0%| F|  |TAMS 0x00000000a4100000| PB 0x00000000a4100000| Untracked 
|  36|0x00000000a4200000, 0x00000000a4200000, 0x00000000a4300000|  0%| F|  |TAMS 0x00000000a4200000| PB 0x00000000a4200000| Untracked 
|  37|0x00000000a4300000, 0x00000000a4300000, 0x00000000a4400000|  0%| F|  |TAMS 0x00000000a4300000| PB 0x00000000a4300000| Untracked 
|  38|0x00000000a4400000, 0x00000000a4400000, 0x00000000a4500000|  0%| F|  |TAMS 0x00000000a4400000| PB 0x00000000a4400000| Untracked 
|  39|0x00000000a4500000, 0x00000000a4500000, 0x00000000a4600000|  0%| F|  |TAMS 0x00000000a4500000| PB 0x00000000a4500000| Untracked 
|  40|0x00000000a4600000, 0x00000000a4600000, 0x00000000a4700000|  0%| F|  |TAMS 0x00000000a4600000| PB 0x00000000a4600000| Untracked 
|  41|0x00000000a4700000, 0x00000000a4700000, 0x00000000a4800000|  0%| F|  |TAMS 0x00000000a4700000| PB 0x00000000a4700000| Untracked 
|  42|0x00000000a4800000, 0x00000000a4800000, 0x00000000a4900000|  0%| F|  |TAMS 0x00000000a4800000| PB 0x00000000a4800000| Untracked 
|  43|0x00000000a4900000, 0x00000000a4900000, 0x00000000a4a00000|  0%| F|  |TAMS 0x00000000a4900000| PB 0x00000000a4900000| Untracked 
|  44|0x00000000a4a00000, 0x00000000a4a00000, 0x00000000a4b00000|  0%| F|  |TAMS 0x00000000a4a00000| PB 0x00000000a4a00000| Untracked 
|  45|0x00000000a4b00000, 0x00000000a4b00000, 0x00000000a4c00000|  0%| F|  |TAMS 0x00000000a4b00000| PB 0x00000000a4b00000| Untracked 
|  46|0x00000000a4c00000, 0x00000000a4c00000, 0x00000000a4d00000|  0%| F|  |TAMS 0x00000000a4c00000| PB 0x00000000a4c00000| Untracked 
|  47|0x00000000a4d00000, 0x00000000a4d00000, 0x00000000a4e00000|  0%| F|  |TAMS 0x00000000a4d00000| PB 0x00000000a4d00000| Untracked 
|  48|0x00000000a4e00000, 0x00000000a4e00000, 0x00000000a4f00000|  0%| F|  |TAMS 0x00000000a4e00000| PB 0x00000000a4e00000| Untracked 
|  49|0x00000000a4f00000, 0x00000000a4f00000, 0x00000000a5000000|  0%| F|  |TAMS 0x00000000a4f00000| PB 0x00000000a4f00000| Untracked 
|  50|0x00000000a5000000, 0x00000000a5000000, 0x00000000a5100000|  0%| F|  |TAMS 0x00000000a5000000| PB 0x00000000a5000000| Untracked 
|  51|0x00000000a5100000, 0x00000000a5100000, 0x00000000a5200000|  0%| F|  |TAMS 0x00000000a5100000| PB 0x00000000a5100000| Untracked 
|  52|0x00000000a5200000, 0x00000000a5200000, 0x00000000a5300000|  0%| F|  |TAMS 0x00000000a5200000| PB 0x00000000a5200000| Untracked 
|  53|0x00000000a5300000, 0x00000000a5300000, 0x00000000a5400000|  0%| F|  |TAMS 0x00000000a5300000| PB 0x00000000a5300000| Untracked 
|  54|0x00000000a5400000, 0x00000000a5400000, 0x00000000a5500000|  0%| F|  |TAMS 0x00000000a5400000| PB 0x00000000a5400000| Untracked 
|  55|0x00000000a5500000, 0x00000000a5500000, 0x00000000a5600000|  0%| F|  |TAMS 0x00000000a5500000| PB 0x00000000a5500000| Untracked 
|  56|0x00000000a5600000, 0x00000000a5600000, 0x00000000a5700000|  0%| F|  |TAMS 0x00000000a5600000| PB 0x00000000a5600000| Untracked 
|  57|0x00000000a5700000, 0x00000000a5700000, 0x00000000a5800000|  0%| F|  |TAMS 0x00000000a5700000| PB 0x00000000a5700000| Untracked 
|  58|0x00000000a5800000, 0x00000000a5800000, 0x00000000a5900000|  0%| F|  |TAMS 0x00000000a5800000| PB 0x00000000a5800000| Untracked 
|  59|0x00000000a5900000, 0x00000000a5900000, 0x00000000a5a00000|  0%| F|  |TAMS 0x00000000a5900000| PB 0x00000000a5900000| Untracked 
|  60|0x00000000a5a00000, 0x00000000a5a00000, 0x00000000a5b00000|  0%| F|  |TAMS 0x00000000a5a00000| PB 0x00000000a5a00000| Untracked 
|  61|0x00000000a5b00000, 0x00000000a5b00000, 0x00000000a5c00000|  0%| F|  |TAMS 0x00000000a5b00000| PB 0x00000000a5b00000| Untracked 
|  62|0x00000000a5c00000, 0x00000000a5c00000, 0x00000000a5d00000|  0%| F|  |TAMS 0x00000000a5c00000| PB 0x00000000a5c00000| Untracked 
|  63|0x00000000a5d00000, 0x00000000a5d00000, 0x00000000a5e00000|  0%| F|  |TAMS 0x00000000a5d00000| PB 0x00000000a5d00000| Untracked 
|  64|0x00000000a5e00000, 0x00000000a5e00000, 0x00000000a5f00000|  0%| F|  |TAMS 0x00000000a5e00000| PB 0x00000000a5e00000| Untracked 
|  65|0x00000000a5f00000, 0x00000000a5f00000, 0x00000000a6000000|  0%| F|  |TAMS 0x00000000a5f00000| PB 0x00000000a5f00000| Untracked 
|  66|0x00000000a6000000, 0x00000000a6000000, 0x00000000a6100000|  0%| F|  |TAMS 0x00000000a6000000| PB 0x00000000a6000000| Untracked 
|  67|0x00000000a6100000, 0x00000000a6100000, 0x00000000a6200000|  0%| F|  |TAMS 0x00000000a6100000| PB 0x00000000a6100000| Untracked 
|  68|0x00000000a6200000, 0x00000000a6200000, 0x00000000a6300000|  0%| F|  |TAMS 0x00000000a6200000| PB 0x00000000a6200000| Untracked 
|  69|0x00000000a6300000, 0x00000000a6300000, 0x00000000a6400000|  0%| F|  |TAMS 0x00000000a6300000| PB 0x00000000a6300000| Untracked 
|  70|0x00000000a6400000, 0x00000000a6400000, 0x00000000a6500000|  0%| F|  |TAMS 0x00000000a6400000| PB 0x00000000a6400000| Untracked 
|  71|0x00000000a6500000, 0x00000000a6500000, 0x00000000a6600000|  0%| F|  |TAMS 0x00000000a6500000| PB 0x00000000a6500000| Untracked 
|  72|0x00000000a6600000, 0x00000000a6600000, 0x00000000a6700000|  0%| F|  |TAMS 0x00000000a6600000| PB 0x00000000a6600000| Untracked 
|  73|0x00000000a6700000, 0x00000000a6700000, 0x00000000a6800000|  0%| F|  |TAMS 0x00000000a6700000| PB 0x00000000a6700000| Untracked 
|  74|0x00000000a6800000, 0x00000000a6800000, 0x00000000a6900000|  0%| F|  |TAMS 0x00000000a6800000| PB 0x00000000a6800000| Untracked 
|  75|0x00000000a6900000, 0x00000000a6900000, 0x00000000a6a00000|  0%| F|  |TAMS 0x00000000a6900000| PB 0x00000000a6900000| Untracked 
|  76|0x00000000a6a00000, 0x00000000a6a00000, 0x00000000a6b00000|  0%| F|  |TAMS 0x00000000a6a00000| PB 0x00000000a6a00000| Untracked 
|  77|0x00000000a6b00000, 0x00000000a6b00000, 0x00000000a6c00000|  0%| F|  |TAMS 0x00000000a6b00000| PB 0x00000000a6b00000| Untracked 
|  78|0x00000000a6c00000, 0x00000000a6c00000, 0x00000000a6d00000|  0%| F|  |TAMS 0x00000000a6c00000| PB 0x00000000a6c00000| Untracked 
|  79|0x00000000a6d00000, 0x00000000a6d00000, 0x00000000a6e00000|  0%| F|  |TAMS 0x00000000a6d00000| PB 0x00000000a6d00000| Untracked 
|  80|0x00000000a6e00000, 0x00000000a6e00000, 0x00000000a6f00000|  0%| F|  |TAMS 0x00000000a6e00000| PB 0x00000000a6e00000| Untracked 
|  81|0x00000000a6f00000, 0x00000000a7000000, 0x00000000a7000000|100%| S|CS|TAMS 0x00000000a6f00000| PB 0x00000000a6f00000| Complete 
|  82|0x00000000a7000000, 0x00000000a7100000, 0x00000000a7100000|100%| S|CS|TAMS 0x00000000a7000000| PB 0x00000000a7000000| Complete 
|  83|0x00000000a7100000, 0x00000000a7100000, 0x00000000a7200000|  0%| F|  |TAMS 0x00000000a7100000| PB 0x00000000a7100000| Untracked 
|  84|0x00000000a7200000, 0x00000000a7200000, 0x00000000a7300000|  0%| F|  |TAMS 0x00000000a7200000| PB 0x00000000a7200000| Untracked 
|  85|0x00000000a7300000, 0x00000000a7300000, 0x00000000a7400000|  0%| F|  |TAMS 0x00000000a7300000| PB 0x00000000a7300000| Untracked 
|  86|0x00000000a7400000, 0x00000000a7400000, 0x00000000a7500000|  0%| F|  |TAMS 0x00000000a7400000| PB 0x00000000a7400000| Untracked 
|  87|0x00000000a7500000, 0x00000000a7500000, 0x00000000a7600000|  0%| F|  |TAMS 0x00000000a7500000| PB 0x00000000a7500000| Untracked 
|  88|0x00000000a7600000, 0x00000000a76f9d18, 0x00000000a7700000| 97%| E|  |TAMS 0x00000000a7600000| PB 0x00000000a7600000| Complete 
|  89|0x00000000a7700000, 0x00000000a7800000, 0x00000000a7800000|100%| E|CS|TAMS 0x00000000a7700000| PB 0x00000000a7700000| Complete 
|  90|0x00000000a7800000, 0x00000000a7900000, 0x00000000a7900000|100%| E|CS|TAMS 0x00000000a7800000| PB 0x00000000a7800000| Complete 
|  91|0x00000000a7900000, 0x00000000a7a00000, 0x00000000a7a00000|100%| E|CS|TAMS 0x00000000a7900000| PB 0x00000000a7900000| Complete 
|  92|0x00000000a7a00000, 0x00000000a7b00000, 0x00000000a7b00000|100%| E|CS|TAMS 0x00000000a7a00000| PB 0x00000000a7a00000| Complete 
|  93|0x00000000a7b00000, 0x00000000a7c00000, 0x00000000a7c00000|100%| E|  |TAMS 0x00000000a7b00000| PB 0x00000000a7b00000| Complete 
|  94|0x00000000a7c00000, 0x00000000a7d00000, 0x00000000a7d00000|100%| E|CS|TAMS 0x00000000a7c00000| PB 0x00000000a7c00000| Complete 
|  95|0x00000000a7d00000, 0x00000000a7e00000, 0x00000000a7e00000|100%| E|CS|TAMS 0x00000000a7d00000| PB 0x00000000a7d00000| Complete 

Card table byte_map: [0x0000028a74bf0000,0x0000028a74ef0000] _byte_map_base: 0x0000028a746e1000

Marking Bits: (CMBitMap*) 0x0000028a627f07b0
 Bits: [0x0000028a74ef0000, 0x0000028a76678000)

Polling page: 0x0000028a60930000

Metaspace:

Usage:
  Non-class:     14.71 MB used.
      Class:      1.64 MB used.
       Both:     16.35 MB used.

Virtual space:
  Non-class space:       64.00 MB reserved,      14.81 MB ( 23%) committed,  1 nodes.
      Class space:        1.00 GB reserved,       1.75 MB ( <1%) committed,  1 nodes.
             Both:        1.06 GB reserved,      16.56 MB (  2%) committed. 

Chunk freelists:
   Non-Class:  1006.00 KB
       Class:  14.24 MB
        Both:  15.23 MB

MaxMetaspaceSize: unlimited
CompressedClassSpaceSize: 1.00 GB
Initial GC threshold: 21.00 MB
Current GC threshold: 21.00 MB
CDS: off
 - commit_granule_bytes: 65536.
 - commit_granule_words: 8192.
 - virtual_space_node_default_size: 8388608.
 - enlarge_chunks_in_place: 1.
 - use_allocation_guard: 0.


Internal statistics:

num_allocs_failed_limit: 0.
num_arena_births: 42.
num_arena_deaths: 0.
num_vsnodes_births: 2.
num_vsnodes_deaths: 0.
num_space_committed: 265.
num_space_uncommitted: 0.
num_chunks_returned_to_freelist: 0.
num_chunks_taken_from_freelist: 134.
num_chunk_merges: 0.
num_chunk_splits: 58.
num_chunks_enlarged: 30.
num_inconsistent_stats: 0.

CodeHeap 'non-profiled nmethods': size=120000Kb used=518Kb max_used=518Kb free=119481Kb
 bounds [0x0000028a6d3c0000, 0x0000028a6d630000, 0x0000028a748f0000]
CodeHeap 'profiled nmethods': size=120000Kb used=2723Kb max_used=2723Kb free=117276Kb
 bounds [0x0000028a658f0000, 0x0000028a65ba0000, 0x0000028a6ce20000]
CodeHeap 'non-nmethods': size=5760Kb used=1403Kb max_used=1439Kb free=4356Kb
 bounds [0x0000028a6ce20000, 0x0000028a6d090000, 0x0000028a6d3c0000]
 total_blobs=1978 nmethods=1468 adapters=415
 compilation: enabled
              stopped_count=0, restarted_count=0
 full_count=0

Compilation events (20 events):
Event: 9.101 Thread 0x0000028a7d012c00 nmethod 1459 0x0000028a6d441210 code [0x0000028a6d4413a0, 0x0000028a6d4414b0]
Event: 9.121 Thread 0x0000028a7d01f070 1460   !   3       sun.security.ssl.SSLSocketImpl::readApplicationRecord (138 bytes)
Event: 9.123 Thread 0x0000028a7d01f070 nmethod 1460 0x0000028a65b90410 code [0x0000028a65b90700, 0x0000028a65b913e8]
Event: 9.568 Thread 0x0000028a7d01f070 1461       3       com.sun.crypto.provider.GaloisCounterMode$GCMEngine::implGCMCrypt (247 bytes)
Event: 9.570 Thread 0x0000028a7d01f070 nmethod 1461 0x0000028a65b91990 code [0x0000028a65b91d80, 0x0000028a65b938f0]
Event: 9.570 Thread 0x0000028a7d01f070 1462       3       com.sun.crypto.provider.GaloisCounterMode::implGCMCrypt (143 bytes)
Event: 9.571 Thread 0x0000028a7d01f070 nmethod 1462 0x0000028a65b94310 code [0x0000028a65b94500, 0x0000028a65b949e0]
Event: 9.602 Thread 0x0000028a7d012c00 1463       4       java.nio.ByteBuffer::limit (8 bytes)
Event: 9.603 Thread 0x0000028a7d012c00 nmethod 1463 0x0000028a6d441590 code [0x0000028a6d441720, 0x0000028a6d441830]
Event: 10.518 Thread 0x0000028a7d01f070 1464       3       org.gradle.wrapper.Logger::append (17 bytes)
Event: 10.520 Thread 0x0000028a7d01f070 nmethod 1464 0x0000028a65b94c10 code [0x0000028a65b94e20, 0x0000028a65b95388]
Event: 10.615 Thread 0x0000028a7d01f070 1465       3       com.sun.crypto.provider.GaloisCounterMode::getJ0 (110 bytes)
Event: 10.616 Thread 0x0000028a7d01f070 nmethod 1465 0x0000028a65b95590 code [0x0000028a65b957e0, 0x0000028a65b95db0]
Event: 10.616 Thread 0x0000028a7d01f070 1466       3       com.sun.crypto.provider.GHASH::<init> (70 bytes)
Event: 10.617 Thread 0x0000028a7d01f070 nmethod 1466 0x0000028a65b96110 code [0x0000028a65b963a0, 0x0000028a65b97078]
Event: 10.641 Thread 0x0000028a7d01f070 1469   !   3       sun.security.ssl.SSLSocketInputRecord::readFully (75 bytes)
Event: 10.641 Thread 0x0000028a7d01f070 nmethod 1469 0x0000028a65b97510 code [0x0000028a65b97740, 0x0000028a65b97dd8]
Event: 10.642 Thread 0x0000028a7d01f070 1467   !   3       sun.security.ssl.SSLSocketInputRecord::decode (134 bytes)
Event: 10.642 Thread 0x0000028a7d01f070 nmethod 1467 0x0000028a65b98190 code [0x0000028a65b983c0, 0x0000028a65b989f0]
Event: 10.642 Thread 0x0000028a7d01f070 1468   !   3       sun.security.ssl.SSLSocketInputRecord::decodeInputRecord (949 bytes)

GC Heap History (2 events):
Event: 1.251 GC heap before
{Heap before GC invocations=0 (full 0):
 garbage-first heap   total 98304K, used 12288K [0x00000000a1e00000, 0x0000000100000000)
  region size 1024K, 13 young (13312K), 0 survivors (0K)
 Metaspace       used 14767K, committed 14912K, reserved 1114112K
  class space    used 1468K, committed 1536K, reserved 1048576K
}
Event: 1.259 GC heap after
{Heap after GC invocations=1 (full 0):
 garbage-first heap   total 98304K, used 3005K [0x00000000a1e00000, 0x0000000100000000)
  region size 1024K, 2 young (2048K), 2 survivors (2048K)
 Metaspace       used 14767K, committed 14912K, reserved 1114112K
  class space    used 1468K, committed 1536K, reserved 1048576K
}

Dll operation events (3 events):
Event: 0.013 Loaded shared library C:\Program Files\Android\Android Studio\jbr\bin\java.dll
Event: 0.039 Loaded shared library C:\Program Files\Android\Android Studio\jbr\bin\zip.dll
Event: 0.265 Loaded shared library C:\Program Files\Android\Android Studio\jbr\bin\verify.dll

Deoptimization events (20 events):
Event: 3.127 Thread 0x0000028a606c16a0 DEOPT PACKING pc=0x0000028a65b2228a sp=0x000000967f1fda80
Event: 3.127 Thread 0x0000028a606c16a0 DEOPT UNPACKING pc=0x0000028a6ce74e42 sp=0x000000967f1fced8 mode 0
Event: 3.152 Thread 0x0000028a606c16a0 DEOPT PACKING pc=0x0000028a65b04d2b sp=0x000000967f1fe390
Event: 3.152 Thread 0x0000028a606c16a0 DEOPT UNPACKING pc=0x0000028a6ce74e42 sp=0x000000967f1fd7c0 mode 0
Event: 3.378 Thread 0x0000028a606c16a0 DEOPT PACKING pc=0x0000028a65b04d5e sp=0x000000967f1fe2b0
Event: 3.378 Thread 0x0000028a606c16a0 DEOPT UNPACKING pc=0x0000028a6ce74e42 sp=0x000000967f1fd6e0 mode 0
Event: 3.379 Thread 0x0000028a606c16a0 DEOPT PACKING pc=0x0000028a65b04d2b sp=0x000000967f1fe3d0
Event: 3.379 Thread 0x0000028a606c16a0 DEOPT UNPACKING pc=0x0000028a6ce74e42 sp=0x000000967f1fd800 mode 0
Event: 3.379 Thread 0x0000028a606c16a0 DEOPT PACKING pc=0x0000028a65b04d5e sp=0x000000967f1fe3d0
Event: 3.379 Thread 0x0000028a606c16a0 DEOPT UNPACKING pc=0x0000028a6ce74e42 sp=0x000000967f1fd800 mode 0
Event: 3.379 Thread 0x0000028a606c16a0 DEOPT PACKING pc=0x0000028a65b04d2b sp=0x000000967f1fe3d0
Event: 3.379 Thread 0x0000028a606c16a0 DEOPT UNPACKING pc=0x0000028a6ce74e42 sp=0x000000967f1fd800 mode 0
Event: 3.379 Thread 0x0000028a606c16a0 DEOPT PACKING pc=0x0000028a65b04d5e sp=0x000000967f1fe3d0
Event: 3.379 Thread 0x0000028a606c16a0 DEOPT UNPACKING pc=0x0000028a6ce74e42 sp=0x000000967f1fd800 mode 0
Event: 3.380 Thread 0x0000028a606c16a0 DEOPT PACKING pc=0x0000028a65b04d2b sp=0x000000967f1fe3d0
Event: 3.380 Thread 0x0000028a606c16a0 DEOPT UNPACKING pc=0x0000028a6ce74e42 sp=0x000000967f1fd800 mode 0
Event: 3.735 Thread 0x0000028a606c16a0 DEOPT PACKING pc=0x0000028a65b36a44 sp=0x000000967f1fe490
Event: 3.735 Thread 0x0000028a606c16a0 DEOPT UNPACKING pc=0x0000028a6ce74e42 sp=0x000000967f1fd980 mode 0
Event: 5.089 Thread 0x0000028a606c16a0 DEOPT PACKING pc=0x0000028a65b34cba sp=0x000000967f1fe640
Event: 5.089 Thread 0x0000028a606c16a0 DEOPT UNPACKING pc=0x0000028a6ce74e42 sp=0x000000967f1fdad8 mode 0

Classes loaded (20 events):
Event: 3.103 Loading class java/security/interfaces/RSAPrivateKey
Event: 3.103 Loading class java/security/interfaces/RSAPrivateKey done
Event: 3.103 Loading class sun/security/rsa/RSASignature$SHA384withRSA
Event: 3.103 Loading class sun/security/rsa/RSASignature$SHA384withRSA done
Event: 3.103 Loading class sun/security/rsa/RSAPrivateKeyImpl
Event: 3.103 Loading class sun/security/rsa/RSAPrivateKeyImpl done
Event: 3.103 Loading class sun/security/rsa/RSAPrivateCrtKeyImpl
Event: 3.114 Loading class java/security/interfaces/RSAPrivateCrtKey
Event: 3.114 Loading class java/security/interfaces/RSAPrivateCrtKey done
Event: 3.114 Loading class sun/security/rsa/RSAPrivateCrtKeyImpl done
Event: 3.115 Loading class sun/security/rsa/RSACore
Event: 3.115 Loading class sun/security/rsa/RSACore done
Event: 3.115 Loading class sun/security/rsa/RSAPadding
Event: 3.115 Loading class sun/security/rsa/RSAPadding done
Event: 3.125 Loading class sun/security/rsa/RSASignature$SHA256withRSA
Event: 3.125 Loading class sun/security/rsa/RSASignature$SHA256withRSA done
Event: 3.149 Loading class sun/security/rsa/MGF1
Event: 3.149 Loading class sun/security/rsa/MGF1 done
Event: 3.378 Loading class sun/net/www/protocol/http/HttpURLConnection$HttpInputStream
Event: 3.378 Loading class sun/net/www/protocol/http/HttpURLConnection$HttpInputStream done

Classes unloaded (0 events):
No events

Classes redefined (0 events):
No events

Internal exceptions (6 events):
Event: 0.591 Thread 0x0000028a606c16a0 Exception <a 'sun/nio/fs/WindowsException'{0x00000000a7af79b8}> (0x00000000a7af79b8) 
thrown [s\src\hotspot\share\prims\jni.cpp, line 535]
Event: 0.705 Thread 0x0000028a606c16a0 Exception <a 'java/lang/NoSuchMethodError'{0x00000000a78c1238}: 'void java.lang.invoke.DirectMethodHandle$Holder.invokeVirtual(java.lang.Object, java.lang.Object)'> (0x00000000a78c1238) 
thrown [s\src\hotspot\share\interpreter\linkResolver.cpp, line 784]
Event: 0.811 Thread 0x0000028a606c16a0 Exception <a 'java/lang/NoSuchMethodError'{0x00000000a735ca50}: 'java.lang.Object java.lang.invoke.DirectMethodHandle$Holder.invokeStaticInit(java.lang.Object, int, int, int, int)'> (0x00000000a735ca50) 
thrown [s\src\hotspot\share\interpreter\linkResolver.cpp, line 784]
Event: 0.904 Thread 0x0000028a606c16a0 Exception <a 'java/lang/NoSuchMethodError'{0x00000000a73bdb48}: 'java.lang.Object java.lang.invoke.DirectMethodHandle$Holder.invokeStaticInit(java.lang.Object, java.lang.Object, int, int, int, int)'> (0x00000000a73bdb48) 
thrown [s\src\hotspot\share\interpreter\linkResolver.cpp, line 784]
Event: 1.137 Thread 0x0000028a606c16a0 Exception <a 'java/lang/NoSuchMethodError'{0x00000000a7267440}: 'void java.lang.invoke.DirectMethodHandle$Holder.invokeStatic(java.lang.Object, java.lang.Object)'> (0x00000000a7267440) 
thrown [s\src\hotspot\share\interpreter\linkResolver.cpp, line 784]
Event: 1.670 Thread 0x0000028a606c16a0 Exception <a 'java/lang/NoSuchMethodError'{0x00000000a7848bc0}: 'java.lang.Object java.lang.invoke.DirectMethodHandle$Holder.invokeInterface(java.lang.Object, java.lang.Object)'> (0x00000000a7848bc0) 
thrown [s\src\hotspot\share\interpreter\linkResolver.cpp, line 784]

ZGC Phase Switch (0 events):
No events

VM Operations (20 events):
Event: 1.251 Executing VM operation: G1CollectForAllocation (G1 Evacuation Pause)
Event: 1.259 Executing VM operation: G1CollectForAllocation (G1 Evacuation Pause) done
Event: 2.263 Executing VM operation: Cleanup
Event: 2.263 Executing VM operation: Cleanup done
Event: 3.270 Executing VM operation: Cleanup
Event: 3.270 Executing VM operation: Cleanup done
Event: 4.276 Executing VM operation: Cleanup
Event: 4.276 Executing VM operation: Cleanup done
Event: 5.286 Executing VM operation: Cleanup
Event: 5.286 Executing VM operation: Cleanup done
Event: 6.295 Executing VM operation: Cleanup
Event: 6.295 Executing VM operation: Cleanup done
Event: 7.301 Executing VM operation: Cleanup
Event: 7.301 Executing VM operation: Cleanup done
Event: 8.303 Executing VM operation: Cleanup
Event: 8.303 Executing VM operation: Cleanup done
Event: 9.317 Executing VM operation: Cleanup
Event: 9.317 Executing VM operation: Cleanup done
Event: 10.328 Executing VM operation: Cleanup
Event: 10.328 Executing VM operation: Cleanup done

Memory protections (0 events):
No events

Nmethod flushes (0 events):
No events

Events (20 events):
Event: 0.142 Thread 0x0000028a606c16a0 Thread added: 0x0000028a78bacec0
Event: 0.143 Thread 0x0000028a606c16a0 Thread added: 0x0000028a78bad920
Event: 0.143 Thread 0x0000028a606c16a0 Thread added: 0x0000028a78bae380
Event: 0.144 Thread 0x0000028a606c16a0 Thread added: 0x0000028a7d011410
Event: 0.144 Thread 0x0000028a606c16a0 Thread added: 0x0000028a7d011e70
Event: 0.144 Thread 0x0000028a606c16a0 Thread added: 0x0000028a7d012c00
Event: 0.150 Thread 0x0000028a606c16a0 Thread added: 0x0000028a7d01f070
Event: 0.200 Thread 0x0000028a606c16a0 Thread added: 0x0000028a7d1dd6f0
Event: 0.209 Thread 0x0000028a606c16a0 Thread added: 0x0000028a7d1df180
Event: 0.223 Loaded shared library C:\Program Files\Android\Android Studio\jbr\bin\net.dll
Event: 0.227 Loaded shared library C:\Program Files\Android\Android Studio\jbr\bin\nio.dll
Event: 0.244 Loaded shared library C:\Program Files\Android\Android Studio\jbr\bin\zip.dll
Event: 0.348 Loaded shared library C:\Program Files\Android\Android Studio\jbr\bin\jimage.dll
Event: 1.135 Loaded shared library C:\Program Files\Android\Android Studio\jbr\bin\extnet.dll
Event: 1.758 Thread 0x0000028a606c16a0 Thread added: 0x0000028a7e0078d0
Event: 1.758 Thread 0x0000028a7e0078d0 Thread exited: 0x0000028a7e0078d0
Event: 2.114 Thread 0x0000028a606c16a0 Thread added: 0x0000028a7e43b8f0
Event: 2.116 Thread 0x0000028a7e43b8f0 Thread exited: 0x0000028a7e43b8f0
Event: 3.152 Thread 0x0000028a606c16a0 Thread added: 0x0000028a7e43b8f0
Event: 3.154 Thread 0x0000028a7e43b8f0 Thread exited: 0x0000028a7e43b8f0


Dynamic libraries:
0x00007ff7224b0000 - 0x00007ff7224ba000 	C:\Program Files\Android\Android Studio\jbr\bin\java.exe
0x00007ffbc5c90000 - 0x00007ffbc5ea7000 	C:\WINDOWS\SYSTEM32\ntdll.dll
0x00007ffbc5940000 - 0x00007ffbc5a04000 	C:\WINDOWS\System32\KERNEL32.DLL
0x00007ffbc3360000 - 0x00007ffbc3732000 	C:\WINDOWS\System32\KERNELBASE.dll
0x00007ffbc3740000 - 0x00007ffbc3851000 	C:\WINDOWS\System32\ucrtbase.dll
0x00007ffbb9190000 - 0x00007ffbb91a8000 	C:\Program Files\Android\Android Studio\jbr\bin\jli.dll
0x00007ffbc5a90000 - 0x00007ffbc5c41000 	C:\WINDOWS\System32\USER32.dll
0x00007ffbc3070000 - 0x00007ffbc3096000 	C:\WINDOWS\System32\win32u.dll
0x00007ffbc48d0000 - 0x00007ffbc48f9000 	C:\WINDOWS\System32\GDI32.dll
0x00007ffbc2f40000 - 0x00007ffbc3063000 	C:\WINDOWS\System32\gdi32full.dll
0x00007ffbc30a0000 - 0x00007ffbc313a000 	C:\WINDOWS\System32\msvcp_win.dll
0x00007ffb8b830000 - 0x00007ffb8b84b000 	C:\Program Files\Android\Android Studio\jbr\bin\VCRUNTIME140.dll
0x00007ffbb2f60000 - 0x00007ffbb31fb000 	C:\WINDOWS\WinSxS\amd64_microsoft.windows.common-controls_6595b64144ccf1df_6.0.22621.5547_none_27104afb73855772\COMCTL32.dll
0x00007ffbc42e0000 - 0x00007ffbc4387000 	C:\WINDOWS\System32\msvcrt.dll
0x00007ffbc4af0000 - 0x00007ffbc4b21000 	C:\WINDOWS\System32\IMM32.DLL
0x00007ffbaa380000 - 0x00007ffbaa38c000 	C:\Program Files\Android\Android Studio\jbr\bin\vcruntime140_1.dll
0x00007ffbb8000000 - 0x00007ffbb808d000 	C:\Program Files\Android\Android Studio\jbr\bin\msvcp140.dll
0x00007ffb45020000 - 0x00007ffb45ca3000 	C:\Program Files\Android\Android Studio\jbr\bin\server\jvm.dll
0x00007ffbc4220000 - 0x00007ffbc42d1000 	C:\WINDOWS\System32\ADVAPI32.dll
0x00007ffbc4920000 - 0x00007ffbc49c8000 	C:\WINDOWS\System32\sechost.dll
0x00007ffbc31c0000 - 0x00007ffbc31e8000 	C:\WINDOWS\System32\bcrypt.dll
0x00007ffbc4100000 - 0x00007ffbc4214000 	C:\WINDOWS\System32\RPCRT4.dll
0x00007ffbc4ba0000 - 0x00007ffbc4c11000 	C:\WINDOWS\System32\WS2_32.dll
0x00007ffbc2c50000 - 0x00007ffbc2c9d000 	C:\WINDOWS\SYSTEM32\POWRPROF.dll
0x00007ffbbec80000 - 0x00007ffbbecb4000 	C:\WINDOWS\SYSTEM32\WINMM.dll
0x00007ffbbad40000 - 0x00007ffbbad4a000 	C:\WINDOWS\SYSTEM32\VERSION.dll
0x00007ffbc2c30000 - 0x00007ffbc2c43000 	C:\WINDOWS\SYSTEM32\UMPDC.dll
0x00007ffbc1d80000 - 0x00007ffbc1d98000 	C:\WINDOWS\SYSTEM32\kernel.appcore.dll
0x00007ffbaa210000 - 0x00007ffbaa21a000 	C:\Program Files\Android\Android Studio\jbr\bin\jimage.dll
0x00007ffbc0890000 - 0x00007ffbc0ac3000 	C:\WINDOWS\SYSTEM32\DBGHELP.DLL
0x00007ffbc4500000 - 0x00007ffbc4893000 	C:\WINDOWS\System32\combase.dll
0x00007ffbc4d30000 - 0x00007ffbc4e07000 	C:\WINDOWS\System32\OLEAUT32.dll
0x00007ffba66b0000 - 0x00007ffba66e2000 	C:\WINDOWS\SYSTEM32\dbgcore.DLL
0x00007ffbc2ec0000 - 0x00007ffbc2f3b000 	C:\WINDOWS\System32\bcryptPrimitives.dll
0x00007ffb87ca0000 - 0x00007ffb87cc0000 	C:\Program Files\Android\Android Studio\jbr\bin\java.dll
0x00007ffb86470000 - 0x00007ffb86488000 	C:\Program Files\Android\Android Studio\jbr\bin\zip.dll
0x00007ffbc4e10000 - 0x00007ffbc56b2000 	C:\WINDOWS\System32\SHELL32.dll
0x00007ffbc2d80000 - 0x00007ffbc2ebf000 	C:\WINDOWS\System32\wintypes.dll
0x00007ffbc0c60000 - 0x00007ffbc157d000 	C:\WINDOWS\SYSTEM32\windows.storage.dll
0x00007ffbc4c20000 - 0x00007ffbc4d2c000 	C:\WINDOWS\System32\SHCORE.dll
0x00007ffbc4b30000 - 0x00007ffbc4b99000 	C:\WINDOWS\System32\shlwapi.dll
0x00007ffbc2cb0000 - 0x00007ffbc2cdb000 	C:\WINDOWS\SYSTEM32\profapi.dll
0x00007ffba9af0000 - 0x00007ffba9b00000 	C:\Program Files\Android\Android Studio\jbr\bin\net.dll
0x00007ffbbe460000 - 0x00007ffbbe58c000 	C:\WINDOWS\SYSTEM32\WINHTTP.dll
0x00007ffbc2210000 - 0x00007ffbc2279000 	C:\WINDOWS\system32\mswsock.dll
0x00007ffb80fa0000 - 0x00007ffb80fb6000 	C:\Program Files\Android\Android Studio\jbr\bin\nio.dll
0x00007ffb9e140000 - 0x00007ffb9e150000 	C:\Program Files\Android\Android Studio\jbr\bin\verify.dll
0x00007ffbc2480000 - 0x00007ffbc249b000 	C:\WINDOWS\SYSTEM32\CRYPTSP.dll
0x00007ffbc1ce0000 - 0x00007ffbc1d17000 	C:\WINDOWS\system32\rsaenh.dll
0x00007ffbc2320000 - 0x00007ffbc2348000 	C:\WINDOWS\SYSTEM32\USERENV.dll
0x00007ffbc24a0000 - 0x00007ffbc24ac000 	C:\WINDOWS\SYSTEM32\CRYPTBASE.dll
0x00007ffbc1820000 - 0x00007ffbc184d000 	C:\WINDOWS\SYSTEM32\IPHLPAPI.DLL
0x00007ffbc49d0000 - 0x00007ffbc49d9000 	C:\WINDOWS\System32\NSI.dll
0x00007ffbc18a0000 - 0x00007ffbc1998000 	C:\WINDOWS\SYSTEM32\DNSAPI.dll
0x00007ffbafa90000 - 0x00007ffbafa9a000 	C:\Windows\System32\rasadhlp.dll
0x00007ffbbb8b0000 - 0x00007ffbbb934000 	C:\WINDOWS\System32\fwpuclnt.dll
0x00007ffba4160000 - 0x00007ffba4169000 	C:\Program Files\Android\Android Studio\jbr\bin\extnet.dll

dbghelp: loaded successfully - version: 4.0.5 - missing functions: none
symbol engine: initialized successfully - sym options: 0x614 - pdb path: .;C:\Program Files\Android\Android Studio\jbr\bin;C:\WINDOWS\SYSTEM32;C:\WINDOWS\WinSxS\amd64_microsoft.windows.common-controls_6595b64144ccf1df_6.0.22621.5547_none_27104afb73855772;C:\Program Files\Android\Android Studio\jbr\bin\server

VM Arguments:
jvm_args: -Dorg.gradle.appname=gradlew 
java_command: org.gradle.wrapper.GradleWrapperMain -q -Ptarget-platform=android-arm64 -Ptarget=D:\android.studio.gaby\appkeuangan\lib\main.dart -Pbase-application-name=android.app.Application -Pdart-defines=Zmx1dHRlci5pbnNwZWN0b3Iuc3RydWN0dXJlZEVycm9ycz10cnVl,RkxVVFRFUl9WRVJTSU9OPTMuMzIuNw==,RkxVVFRFUl9DSEFOTkVMPXN0YWJsZQ==,RkxVVFRFUl9HSVRfVVJMPWh0dHBzOi8vZ2l0aHViLmNvbS9mbHV0dGVyL2ZsdXR0ZXIuZ2l0,RkxVVFRFUl9GUkFNRVdPUktfUkVWSVNJT049ZDdiNTIzYjM1Ng==,RkxVVFRFUl9FTkdJTkVfUkVWSVNJT049MzlkNmQ2ZTY5OQ==,RkxVVFRFUl9EQVJUX1ZFUlNJT049My44LjE= -Pdart-obfuscation=false -Ptrack-widget-creation=true -Ptree-shake-icons=false -Pfilesystem-scheme=org-dartlang-root assembleDebug
java_class_path (initial): D:\android.studio.gaby\appkeuangan\android\\gradle\wrapper\gradle-wrapper.jar
Launcher Type: SUN_STANDARD

[Global flags]
     intx CICompilerCount                          = 3                                         {product} {ergonomic}
     uint ConcGCThreads                            = 1                                         {product} {ergonomic}
     uint G1ConcRefinementThreads                  = 4                                         {product} {ergonomic}
   size_t G1HeapRegionSize                         = 1048576                                   {product} {ergonomic}
    uintx GCDrainStackTargetSize                   = 64                                        {product} {ergonomic}
   size_t InitialHeapSize                          = 100663296                                 {product} {ergonomic}
   size_t MarkStackSize                            = 4194304                                   {product} {ergonomic}
   size_t MaxHeapSize                              = 1579155456                                {product} {ergonomic}
   size_t MaxNewSize                               = 946864128                                 {product} {ergonomic}
   size_t MinHeapDeltaBytes                        = 1048576                                   {product} {ergonomic}
   size_t MinHeapSize                              = 8388608                                   {product} {ergonomic}
    uintx NonNMethodCodeHeapSize                   = 5832780                                {pd product} {ergonomic}
    uintx NonProfiledCodeHeapSize                  = 122912730                              {pd product} {ergonomic}
    uintx ProfiledCodeHeapSize                     = 122912730                              {pd product} {ergonomic}
    uintx ReservedCodeCacheSize                    = 251658240                              {pd product} {ergonomic}
     bool SegmentedCodeCache                       = true                                      {product} {ergonomic}
   size_t SoftMaxHeapSize                          = 1579155456                             {manageable} {ergonomic}
     bool UseCompressedOops                        = true                           {product lp64_product} {ergonomic}
     bool UseG1GC                                  = true                                      {product} {ergonomic}
     bool UseLargePagesIndividualAllocation        = false                                  {pd product} {ergonomic}

Logging:
Log output configuration:
 #0: stdout all=warning uptime,level,tags foldmultilines=false
 #1: stderr all=off uptime,level,tags foldmultilines=false

Environment Variables:
JAVA_HOME=C:\Program Files\Android\Android Studio\jbr
CLASSPATH=D:\android.studio.gaby\appkeuangan\android\\gradle\wrapper\gradle-wrapper.jar
PATH=C:\Program Files\Android\Android Studio\jbr\bin;C:\Program Files\Common Files\Oracle\Java\javapath;C:\WINDOWS\system32;C:\WINDOWS;C:\WINDOWS\System32\Wbem;C:\WINDOWS\System32\WindowsPowerShell\v1.0\;C:\WINDOWS\System32\OpenSSH\;C:\Program Files\Microsoft SQL Server\150\Tools\Binn\;C:\Program Files\Cloudflare\Cloudflare WARP\;C:\flutter_windows_3.29.0-stable (1)\flutter;C:\Program Files\nodejs\;D:\flutter\bin;C:\Program Files\Git\cmd;C:\Users\rutha\AppData\Local\Microsoft\WindowsApps;C:\Users\rutha\AppData\Local\Programs\Microsoft VS Code\bin;C:\xampp\php;C:\Users\rutha\composer;C:\Users\rutha\AppData\Roaming\Composer\vendor\bin;C:\flutter_windows_3.29.0-stable (1)\flutter;C:\Users\rutha\AppData\Roaming\npm;C:\flutter_windows_3.29.0-stable (1)\flutter;D:\flutter\bin;;D:\flutter\bin\mingit\cmd
USERNAME=rutha
OS=Windows_NT
PROCESSOR_IDENTIFIER=AMD64 Family 23 Model 24 Stepping 1, AuthenticAMD
TMP=C:\Users\rutha\AppData\Local\Temp
TEMP=C:\Users\rutha\AppData\Local\Temp




Periodic native trim disabled

JNI global refs:
JNI global refs: 18, weak refs: 0

JNI global refs memory usage: 835, weak refs: 833

Process memory usage:
Resident Set Size: 74708K (1% of 6164744K total physical memory with 365748K free physical memory)

OOME stack traces (most recent first):
Classloader memory used:
Loader bootstrap                                                                       : 16203K
Loader jdk.internal.loader.ClassLoaders$PlatformClassLoader                            : 394K
Loader jdk.internal.loader.ClassLoaders$AppClassLoader                                 : 146K

---------------  S Y S T E M  ---------------

OS:
 Windows 11 , 64 bit Build 22621 (10.0.22621.5415)
OS uptime: 0 days 10:56 hours
Hyper-V role detected

CPU: total 4 (initial active 4) (4 cores per cpu, 2 threads per core) family 23 model 24 stepping 1 microcode 0x0, cx8, cmov, fxsr, ht, mmx, 3dnowpref, sse, sse2, sse3, ssse3, sse4a, sse4.1, sse4.2, popcnt, lzcnt, tsc, tscinvbit, avx, avx2, aes, clmul, bmi1, bmi2, adx, sha, fma, vzeroupper, clflush, clflushopt, hv, rdtscp, f16c
Processor Information for all 4 processors :
  Max Mhz: 2600, Current Mhz: 2600, Mhz Limit: 2600

Memory: 4k page, system-wide physical 6020M (357M free)
TotalPageFile size 12853M (AvailPageFile size 6M)
current process WorkingSet (physical memory assigned to process): 73M, peak: 89M
current process commit charge ("private bytes"): 177M, peak: 196M

vm_info: OpenJDK 64-Bit Server VM (21.0.4+-12508038-b607.1) for windows-amd64 JRE (21.0.4+-12508038-b607.1), built on 2024-10-16T17:23:34Z by "builder" with MS VC++ 16.10 / 16.11 (VS2019)

END.
